E:\Users\Documents\GitHub\CryptoTool\CryptoTool.Win\EcdsaTabControl.ECIES-EncDec.cs(693,45): warning CS8600: 将 null 文本或可能的 null 值转换为不可为 null 类型。 [E:\Users\Documents\GitHub\CryptoTool\CryptoTool.Win\CryptoTool.Win.csproj]
C:\Program Files\dotnet\sdk\10.0.302\Microsoft.Common.CurrentVersion.targets(5397,5): warning MSB3026: 无法将“E:\Users\Documents\GitHub\CryptoTool\CryptoTool.Win\obj\Debug\net8.0-windows\apphost.exe”复制到“bin\Debug\net8.0-windows\CryptoTool.Win.exe”。1000 毫秒后将开始第 1 次重试。The process cannot access the file 'E:\Users\Documents\GitHub\CryptoTool\CryptoTool.Win\bin\Debug\net8.0-windows\CryptoTool.Win.exe' because it is being used by another process. 文件被“CryptoTool.Win (31172)”锁定。 [E:\Users\Documents\GitHub\CryptoTool\CryptoTool.Win\CryptoTool.Win.csproj]
C:\Program Files\dotnet\sdk\10.0.302\Microsoft.Common.CurrentVersion.targets(5397,5): warning MSB3026: 无法将“E:\Users\Documents\GitHub\CryptoTool\CryptoTool.Win\obj\Debug\net8.0-windows\apphost.exe”复制到“bin\Debug\net8.0-windows\CryptoTool.Win.exe”。1000 毫秒后将开始第 2 次重试。The process cannot access the file 'E:\Users\Documents\GitHub\CryptoTool\CryptoTool.Win\bin\Debug\net8.0-windows\CryptoTool.Win.exe' because it is being used by another process. 文件被“CryptoTool.Win (31172)”锁定。 [E:\Users\Documents\GitHub\CryptoTool\CryptoTool.Win\CryptoTool.Win.csproj]
C:\Program Files\dotnet\sdk\10.0.302\Microsoft.Common.CurrentVersion.targets(5397,5): warning MSB3026: 无法将“E:\Users\Documents\GitHub\CryptoTool\CryptoTool.Win\obj\Debug\net8.0-windows\apphost.exe”复制到“bin\Debug\net8.0-windows\CryptoTool.Win.exe”。1000 毫秒后将开始第 3 次重试。The process cannot access the file 'E:\Users\Documents\GitHub\CryptoTool\CryptoTool.Win\bin\Debug\net8.0-windows\CryptoTool.Win.exe' because it is being used by another process. 文件被“CryptoTool.Win (31172)”锁定。 [E:\Users\Documents\GitHub\CryptoTool\CryptoTool.Win\CryptoTool.Win.csproj]
C:\Program Files\dotnet\sdk\10.0.302\Microsoft.Common.CurrentVersion.targets(5397,5): warning MSB3026: 无法将“E:\Users\Documents\GitHub\CryptoTool\CryptoTool.Win\obj\Debug\net8.0-windows\apphost.exe”复制到“bin\Debug\net8.0-windows\CryptoTool.Win.exe”。1000 毫秒后将开始第 4 次重试。The process cannot access the file 'E:\Users\Documents\GitHub\CryptoTool\CryptoTool.Win\bin\Debug\net8.0-windows\CryptoTool.Win.exe' because it is being used by another process. 文件被“CryptoTool.Win (31172)”锁定。 [E:\Users\Documents\GitHub\CryptoTool\CryptoTool.Win\CryptoTool.Win.csproj]
C:\Program Files\dotnet\sdk\10.0.302\Microsoft.Common.CurrentVersion.targets(5397,5): warning MSB3026: 无法将“E:\Users\Documents\GitHub\CryptoTool\CryptoTool.Win\obj\Debug\net8.0-windows\apphost.exe”复制到“bin\Debug\net8.0-windows\CryptoTool.Win.exe”。1000 毫秒后将开始第 5 次重试。The process cannot access the file 'E:\Users\Documents\GitHub\CryptoTool\CryptoTool.Win\bin\Debug\net8.0-windows\CryptoTool.Win.exe' because it is being used by another process. 文件被“CryptoTool.Win (31172)”锁定。 [E:\Users\Documents\GitHub\CryptoTool\CryptoTool.Win\CryptoTool.Win.csproj]
C:\Program Files\dotnet\sdk\10.0.302\Microsoft.Common.CurrentVersion.targets(5397,5): warning MSB3026: 无法将“E:\Users\Documents\GitHub\CryptoTool\CryptoTool.Win\obj\Debug\net8.0-windows\apphost.exe”复制到“bin\Debug\net8.0-windows\CryptoTool.Win.exe”。1000 毫秒后将开始第 6 次重试。The process cannot access the file 'E:\Users\Documents\GitHub\CryptoTool\CryptoTool.Win\bin\Debug\net8.0-windows\CryptoTool.Win.exe' because it is being used by another process. 文件被“CryptoTool.Win (31172)”锁定。 [E:\Users\Documents\GitHub\CryptoTool\CryptoTool.Win\CryptoTool.Win.csproj]
C:\Program Files\dotnet\sdk\10.0.302\Microsoft.Common.CurrentVersion.targets(5397,5): warning MSB3026: 无法将“E:\Users\Documents\GitHub\CryptoTool\CryptoTool.Win\obj\Debug\net8.0-windows\apphost.exe”复制到“bin\Debug\net8.0-windows\CryptoTool.Win.exe”。1000 毫秒后将开始第 7 次重试。The process cannot access the file 'E:\Users\Documents\GitHub\CryptoTool\CryptoTool.Win\bin\Debug\net8.0-windows\CryptoTool.Win.exe' because it is being used by another process. 文件被“CryptoTool.Win (31172)”锁定。 [E:\Users\Documents\GitHub\CryptoTool\CryptoTool.Win\CryptoTool.Win.csproj]
C:\Program Files\dotnet\sdk\10.0.302\Microsoft.Common.CurrentVersion.targets(5397,5): warning MSB3026: 无法将“E:\Users\Documents\GitHub\CryptoTool\CryptoTool.Win\obj\Debug\net8.0-windows\apphost.exe”复制到“bin\Debug\net8.0-windows\CryptoTool.Win.exe”。1000 毫秒后将开始第 8 次重试。The process cannot access the file 'E:\Users\Documents\GitHub\CryptoTool\CryptoTool.Win\bin\Debug\net8.0-windows\CryptoTool.Win.exe' because it is being used by another process. 文件被“CryptoTool.Win (31172)”锁定。 [E:\Users\Documents\GitHub\CryptoTool\CryptoTool.Win\CryptoTool.Win.csproj]
C:\Program Files\dotnet\sdk\10.0.302\Microsoft.Common.CurrentVersion.targets(5397,5): warning MSB3026: 无法将“E:\Users\Documents\GitHub\CryptoTool\CryptoTool.Win\obj\Debug\net8.0-windows\apphost.exe”复制到“bin\Debug\net8.0-windows\CryptoTool.Win.exe”。1000 毫秒后将开始第 9 次重试。The process cannot access the file 'E:\Users\Documents\GitHub\CryptoTool\CryptoTool.Win\bin\Debug\net8.0-windows\CryptoTool.Win.exe' because it is being used by another process. 文件被“CryptoTool.Win (31172)”锁定。 [E:\Users\Documents\GitHub\CryptoTool\CryptoTool.Win\CryptoTool.Win.csproj]
C:\Program Files\dotnet\sdk\10.0.302\Microsoft.Common.CurrentVersion.targets(5397,5): warning MSB3026: 无法将“E:\Users\Documents\GitHub\CryptoTool\CryptoTool.Win\obj\Debug\net8.0-windows\apphost.exe”复制到“bin\Debug\net8.0-windows\CryptoTool.Win.exe”。1000 毫秒后将开始第 10 次重试。The process cannot access the file 'E:\Users\Documents\GitHub\CryptoTool\CryptoTool.Win\bin\Debug\net8.0-windows\CryptoTool.Win.exe' because it is being used by another process. 文件被“CryptoTool.Win (31172)”锁定。 [E:\Users\Documents\GitHub\CryptoTool\CryptoTool.Win\CryptoTool.Win.csproj]
C:\Program Files\dotnet\sdk\10.0.302\Microsoft.Common.CurrentVersion.targets(5397,5): error MSB3027: 无法将“E:\Users\Documents\GitHub\CryptoTool\CryptoTool.Win\obj\Debug\net8.0-windows\apphost.exe”复制到“bin\Debug\net8.0-windows\CryptoTool.Win.exe”。超出了重试计数 10。失败。文件被“CryptoTool.Win (31172)”锁定。 [E:\Users\Documents\GitHub\CryptoTool\CryptoTool.Win\CryptoTool.Win.csproj]
C:\Program Files\dotnet\sdk\10.0.302\Microsoft.Common.CurrentVersion.targets(5397,5): error MSB3021: 无法将文件“E:\Users\Documents\GitHub\CryptoTool\CryptoTool.Win\obj\Debug\net8.0-windows\apphost.exe”复制到“bin\Debug\net8.0-windows\CryptoTool.Win.exe”。The process cannot access the file 'E:\Users\Documents\GitHub\CryptoTool\CryptoTool.Win\bin\Debug\net8.0-windows\CryptoTool.Win.exe' because it is being used by another process. [E:\Users\Documents\GitHub\CryptoTool\CryptoTool.Win\CryptoTool.Win.csproj]

生成失败。

E:\Users\Documents\GitHub\CryptoTool\CryptoTool.Win\EcdsaTabControl.ECIES-EncDec.cs(693,45): warning CS8600: 将 null 文本或可能的 null 值转换为不可为 null 类型。 [E:\Users\Documents\GitHub\CryptoTool\CryptoTool.Win\CryptoTool.Win.csproj]
C:\Program Files\dotnet\sdk\10.0.302\Microsoft.Common.CurrentVersion.targets(5397,5): warning MSB3026: 无法将“E:\Users\Documents\GitHub\CryptoTool\CryptoTool.Win\obj\Debug\net8.0-windows\apphost.exe”复制到“bin\Debug\net8.0-windows\CryptoTool.Win.exe”。1000 毫秒后将开始第 1 次重试。The process cannot access the file 'E:\Users\Documents\GitHub\CryptoTool\CryptoTool.Win\bin\Debug\net8.0-windows\CryptoTool.Win.exe' because it is being used by another process. 文件被“CryptoTool.Win (31172)”锁定。 [E:\Users\Documents\GitHub\CryptoTool\CryptoTool.Win\CryptoTool.Win.csproj]
C:\Program Files\dotnet\sdk\10.0.302\Microsoft.Common.CurrentVersion.targets(5397,5): warning MSB3026: 无法将“E:\Users\Documents\GitHub\CryptoTool\CryptoTool.Win\obj\Debug\net8.0-windows\apphost.exe”复制到“bin\Debug\net8.0-windows\CryptoTool.Win.exe”。1000 毫秒后将开始第 2 次重试。The process cannot access the file 'E:\Users\Documents\GitHub\CryptoTool\CryptoTool.Win\bin\Debug\net8.0-windows\CryptoTool.Win.exe' because it is being used by another process. 文件被“CryptoTool.Win (31172)”锁定。 [E:\Users\Documents\GitHub\CryptoTool\CryptoTool.Win\CryptoTool.Win.csproj]
C:\Program Files\dotnet\sdk\10.0.302\Microsoft.Common.CurrentVersion.targets(5397,5): warning MSB3026: 无法将“E:\Users\Documents\GitHub\CryptoTool\CryptoTool.Win\obj\Debug\net8.0-windows\apphost.exe”复制到“bin\Debug\net8.0-windows\CryptoTool.Win.exe”。1000 毫秒后将开始第 3 次重试。The process cannot access the file 'E:\Users\Documents\GitHub\CryptoTool\CryptoTool.Win\bin\Debug\net8.0-windows\CryptoTool.Win.exe' because it is being used by another process. 文件被“CryptoTool.Win (31172)”锁定。 [E:\Users\Documents\GitHub\CryptoTool\CryptoTool.Win\CryptoTool.Win.csproj]
C:\Program Files\dotnet\sdk\10.0.302\Microsoft.Common.CurrentVersion.targets(5397,5): warning MSB3026: 无法将“E:\Users\Documents\GitHub\CryptoTool\CryptoTool.Win\obj\Debug\net8.0-windows\apphost.exe”复制到“bin\Debug\net8.0-windows\CryptoTool.Win.exe”。1000 毫秒后将开始第 4 次重试。The process cannot access the file 'E:\Users\Documents\GitHub\CryptoTool\CryptoTool.Win\bin\Debug\net8.0-windows\CryptoTool.Win.exe' because it is being used by another process. 文件被“CryptoTool.Win (31172)”锁定。 [E:\Users\Documents\GitHub\CryptoTool\CryptoTool.Win\CryptoTool.Win.csproj]
C:\Program Files\dotnet\sdk\10.0.302\Microsoft.Common.CurrentVersion.targets(5397,5): warning MSB3026: 无法将“E:\Users\Documents\GitHub\CryptoTool\CryptoTool.Win\obj\Debug\net8.0-windows\apphost.exe”复制到“bin\Debug\net8.0-windows\CryptoTool.Win.exe”。1000 毫秒后将开始第 5 次重试。The process cannot access the file 'E:\Users\Documents\GitHub\CryptoTool\CryptoTool.Win\bin\Debug\net8.0-windows\CryptoTool.Win.exe' because it is being used by another process. 文件被“CryptoTool.Win (31172)”锁定。 [E:\Users\Documents\GitHub\CryptoTool\CryptoTool.Win\CryptoTool.Win.csproj]
C:\Program Files\dotnet\sdk\10.0.302\Microsoft.Common.CurrentVersion.targets(5397,5): warning MSB3026: 无法将“E:\Users\Documents\GitHub\CryptoTool\CryptoTool.Win\obj\Debug\net8.0-windows\apphost.exe”复制到“bin\Debug\net8.0-windows\CryptoTool.Win.exe”。1000 毫秒后将开始第 6 次重试。The process cannot access the file 'E:\Users\Documents\GitHub\CryptoTool\CryptoTool.Win\bin\Debug\net8.0-windows\CryptoTool.Win.exe' because it is being used by another process. 文件被“CryptoTool.Win (31172)”锁定。 [E:\Users\Documents\GitHub\CryptoTool\CryptoTool.Win\CryptoTool.Win.csproj]
C:\Program Files\dotnet\sdk\10.0.302\Microsoft.Common.CurrentVersion.targets(5397,5): warning MSB3026: 无法将“E:\Users\Documents\GitHub\CryptoTool\CryptoTool.Win\obj\Debug\net8.0-windows\apphost.exe”复制到“bin\Debug\net8.0-windows\CryptoTool.Win.exe”。1000 毫秒后将开始第 7 次重试。The process cannot access the file 'E:\Users\Documents\GitHub\CryptoTool\CryptoTool.Win\bin\Debug\net8.0-windows\CryptoTool.Win.exe' because it is being used by another process. 文件被“CryptoTool.Win (31172)”锁定。 [E:\Users\Documents\GitHub\CryptoTool\CryptoTool.Win\CryptoTool.Win.csproj]
C:\Program Files\dotnet\sdk\10.0.302\Microsoft.Common.CurrentVersion.targets(5397,5): warning MSB3026: 无法将“E:\Users\Documents\GitHub\CryptoTool\CryptoTool.Win\obj\Debug\net8.0-windows\apphost.exe”复制到“bin\Debug\net8.0-windows\CryptoTool.Win.exe”。1000 毫秒后将开始第 8 次重试。The process cannot access the file 'E:\Users\Documents\GitHub\CryptoTool\CryptoTool.Win\bin\Debug\net8.0-windows\CryptoTool.Win.exe' because it is being used by another process. 文件被“CryptoTool.Win (31172)”锁定。 [E:\Users\Documents\GitHub\CryptoTool\CryptoTool.Win\CryptoTool.Win.csproj]
C:\Program Files\dotnet\sdk\10.0.302\Microsoft.Common.CurrentVersion.targets(5397,5): warning MSB3026: 无法将“E:\Users\Documents\GitHub\CryptoTool\CryptoTool.Win\obj\Debug\net8.0-windows\apphost.exe”复制到“bin\Debug\net8.0-windows\CryptoTool.Win.exe”。1000 毫秒后将开始第 9 次重试。The process cannot access the file 'E:\Users\Documents\GitHub\CryptoTool\CryptoTool.Win\bin\Debug\net8.0-windows\CryptoTool.Win.exe' because it is being used by another process. 文件被“CryptoTool.Win (31172)”锁定。 [E:\Users\Documents\GitHub\CryptoTool\CryptoTool.Win\CryptoTool.Win.csproj]
C:\Program Files\dotnet\sdk\10.0.302\Microsoft.Common.CurrentVersion.targets(5397,5): warning MSB3026: 无法将“E:\Users\Documents\GitHub\CryptoTool\CryptoTool.Win\obj\Debug\net8.0-windows\apphost.exe”复制到“bin\Debug\net8.0-windows\CryptoTool.Win.exe”。1000 毫秒后将开始第 10 次重试。The process cannot access the file 'E:\Users\Documents\GitHub\CryptoTool\CryptoTool.Win\bin\Debug\net8.0-windows\CryptoTool.Win.exe' because it is being used by another process. 文件被“CryptoTool.Win (31172)”锁定。 [E:\Users\Documents\GitHub\CryptoTool\CryptoTool.Win\CryptoTool.Win.csproj]
C:\Program Files\dotnet\sdk\10.0.302\Microsoft.Common.CurrentVersion.targets(5397,5): error MSB3027: 无法将“E:\Users\Documents\GitHub\CryptoTool\CryptoTool.Win\obj\Debug\net8.0-windows\apphost.exe”复制到“bin\Debug\net8.0-windows\CryptoTool.Win.exe”。超出了重试计数 10。失败。文件被“CryptoTool.Win (31172)”锁定。 [E:\Users\Documents\GitHub\CryptoTool\CryptoTool.Win\CryptoTool.Win.csproj]
C:\Program Files\dotnet\sdk\10.0.302\Microsoft.Common.CurrentVersion.targets(5397,5): error MSB3021: 无法将文件“E:\Users\Documents\GitHub\CryptoTool\CryptoTool.Win\obj\Debug\net8.0-windows\apphost.exe”复制到“bin\Debug\net8.0-windows\CryptoTool.Win.exe”。The process cannot access the file 'E:\Users\Documents\GitHub\CryptoTool\CryptoTool.Win\bin\Debug\net8.0-windows\CryptoTool.Win.exe' because it is being used by another process. [E:\Users\Documents\GitHub\CryptoTool\CryptoTool.Win\CryptoTool.Win.csproj]
    11 个警告
    2 个错误

已用时间 00:00:12.92
